Archive member included to satisfy reference by file (symbol)

C:\Users\Nacho\Dropbox\DESARR~1\SENSOR~1\Firmware\v4.0\TEST_M~1\TEST_M~1\ARDUIN~1\Debug\libArduinoCore.a(HardwareSerial.o)
                              GSM_MQTT.o (_ZN14HardwareSerial9availableEv)
C:\Users\Nacho\Dropbox\DESARR~1\SENSOR~1\Firmware\v4.0\TEST_M~1\TEST_M~1\ARDUIN~1\Debug\libArduinoCore.a(HardwareSerial0.o)
                              GSM_MQTT.o (Serial)
C:\Users\Nacho\Dropbox\DESARR~1\SENSOR~1\Firmware\v4.0\TEST_M~1\TEST_M~1\ARDUIN~1\Debug\libArduinoCore.a(main.o)
                              C:/Program Files (x86)/Atmel/Studio/7.0/Packs/atmel/ATmega_DFP/1.2.150/gcc/dev/atmega328p/avr5/crtatmega328p.o (main)
C:\Users\Nacho\Dropbox\DESARR~1\SENSOR~1\Firmware\v4.0\TEST_M~1\TEST_M~1\ARDUIN~1\Debug\libArduinoCore.a(Print.o)
                              C:\Users\Nacho\Dropbox\DESARR~1\SENSOR~1\Firmware\v4.0\TEST_M~1\TEST_M~1\ARDUIN~1\Debug\libArduinoCore.a(HardwareSerial.o) (_ZN5Print5writeEPKhj)
C:\Users\Nacho\Dropbox\DESARR~1\SENSOR~1\Firmware\v4.0\TEST_M~1\TEST_M~1\ARDUIN~1\Debug\libArduinoCore.a(wiring.o)
                              GSM_MQTT.o (millis)
C:\Users\Nacho\Dropbox\DESARR~1\SENSOR~1\Firmware\v4.0\TEST_M~1\TEST_M~1\ARDUIN~1\Debug\libArduinoCore.a(WString.o)
                              Sketch.o (_ZN6StringD1Ev)
C:\Users\Nacho\Dropbox\DESARR~1\SENSOR~1\Firmware\v4.0\TEST_M~1\TEST_M~1\ARDUIN~1\Debug\libArduinoCore.a(SoftwareSerial.o)
                              Sketch.o (_ZN14SoftwareSerialD1Ev)
C:\Users\Nacho\Dropbox\DESARR~1\SENSOR~1\Firmware\v4.0\TEST_M~1\TEST_M~1\ARDUIN~1\Debug\libArduinoCore.a(abi.o)
                              C:\Users\Nacho\Dropbox\DESARR~1\SENSOR~1\Firmware\v4.0\TEST_M~1\TEST_M~1\ARDUIN~1\Debug\libArduinoCore.a(Print.o) (__cxa_pure_virtual)
C:\Users\Nacho\Dropbox\DESARR~1\SENSOR~1\Firmware\v4.0\TEST_M~1\TEST_M~1\ARDUIN~1\Debug\libArduinoCore.a(hooks.o)
                              C:\Users\Nacho\Dropbox\DESARR~1\SENSOR~1\Firmware\v4.0\TEST_M~1\TEST_M~1\ARDUIN~1\Debug\libArduinoCore.a(wiring.o) (yield)
C:\Users\Nacho\Dropbox\DESARR~1\SENSOR~1\Firmware\v4.0\TEST_M~1\TEST_M~1\ARDUIN~1\Debug\libArduinoCore.a(wiring_digital.o)
                              C:\Users\Nacho\Dropbox\DESARR~1\SENSOR~1\Firmware\v4.0\TEST_M~1\TEST_M~1\ARDUIN~1\Debug\libArduinoCore.a(SoftwareSerial.o) (pinMode)
c:/program files (x86)/atmel/studio/7.0/toolchain/avr8/avr8-gnu-toolchain/bin/../lib/gcc/avr/5.4.0/../../../../avr/lib/avr5\libm.a(addsf3.o)
                              C:\Users\Nacho\Dropbox\DESARR~1\SENSOR~1\Firmware\v4.0\TEST_M~1\TEST_M~1\ARDUIN~1\Debug\libArduinoCore.a(Print.o) (__subsf3)
c:/program files (x86)/atmel/studio/7.0/toolchain/avr8/avr8-gnu-toolchain/bin/../lib/gcc/avr/5.4.0/../../../../avr/lib/avr5\libm.a(addsf3x.o)
                              c:/program files (x86)/atmel/studio/7.0/toolchain/avr8/avr8-gnu-toolchain/bin/../lib/gcc/avr/5.4.0/../../../../avr/lib/avr5\libm.a(addsf3.o) (__addsf3x)
c:/program files (x86)/atmel/studio/7.0/toolchain/avr8/avr8-gnu-toolchain/bin/../lib/gcc/avr/5.4.0/../../../../avr/lib/avr5\libm.a(cmpsf2.o)
                              C:\Users\Nacho\Dropbox\DESARR~1\SENSOR~1\Firmware\v4.0\TEST_M~1\TEST_M~1\ARDUIN~1\Debug\libArduinoCore.a(Print.o) (__ltsf2)
c:/program files (x86)/atmel/studio/7.0/toolchain/avr8/avr8-gnu-toolchain/bin/../lib/gcc/avr/5.4.0/../../../../avr/lib/avr5\libm.a(divsf3.o)
                              C:\Users\Nacho\Dropbox\DESARR~1\SENSOR~1\Firmware\v4.0\TEST_M~1\TEST_M~1\ARDUIN~1\Debug\libArduinoCore.a(Print.o) (__divsf3)
c:/program files (x86)/atmel/studio/7.0/toolchain/avr8/avr8-gnu-toolchain/bin/../lib/gcc/avr/5.4.0/../../../../avr/lib/avr5\libm.a(divsf3x.o)
                              c:/program files (x86)/atmel/studio/7.0/toolchain/avr8/avr8-gnu-toolchain/bin/../lib/gcc/avr/5.4.0/../../../../avr/lib/avr5\libm.a(divsf3.o) (__divsf3x)
c:/program files (x86)/atmel/studio/7.0/toolchain/avr8/avr8-gnu-toolchain/bin/../lib/gcc/avr/5.4.0/../../../../avr/lib/avr5\libm.a(fixunssfsi.o)
                              C:\Users\Nacho\Dropbox\DESARR~1\SENSOR~1\Firmware\v4.0\TEST_M~1\TEST_M~1\ARDUIN~1\Debug\libArduinoCore.a(Print.o) (__fixunssfsi)
c:/program files (x86)/atmel/studio/7.0/toolchain/avr8/avr8-gnu-toolchain/bin/../lib/gcc/avr/5.4.0/../../../../avr/lib/avr5\libm.a(floatsisf.o)
                              C:\Users\Nacho\Dropbox\DESARR~1\SENSOR~1\Firmware\v4.0\TEST_M~1\TEST_M~1\ARDUIN~1\Debug\libArduinoCore.a(Print.o) (__floatunsisf)
c:/program files (x86)/atmel/studio/7.0/toolchain/avr8/avr8-gnu-toolchain/bin/../lib/gcc/avr/5.4.0/../../../../avr/lib/avr5\libm.a(fp_cmp.o)
                              c:/program files (x86)/atmel/studio/7.0/toolchain/avr8/avr8-gnu-toolchain/bin/../lib/gcc/avr/5.4.0/../../../../avr/lib/avr5\libm.a(cmpsf2.o) (__fp_cmp)
c:/program files (x86)/atmel/studio/7.0/toolchain/avr8/avr8-gnu-toolchain/bin/../lib/gcc/avr/5.4.0/../../../../avr/lib/avr5\libm.a(fp_inf.o)
[...]
Memory Configuration

Name             Origin             Length             Attributes
text             0x00000000         0x00020000         xr
data             0x00800060         0x0000ffa0         rw !x
eeprom           0x00810000         0x00010000         rw !x
fuse             0x00820000         0x00000003         rw !x
lock             0x00830000         0x00000400         rw !x
signature        0x00840000         0x00000400         rw !x
user_signatures  0x00850000         0x00000400         rw !x
*default*        0x00000000         0xffffffff

Linker script and memory map

Address of section .data set to 0x800100
LOAD C:/Program Files (x86)/Atmel/Studio/7.0/Packs/atmel/ATmega_DFP/1.2.150/gcc/dev/atmega328p/avr5/crtatmega328p.o
LOAD GSM_MQTT.o
LOAD Sketch.o
START GROUP
LOAD c:/program files (x86)/atmel/studio/7.0/toolchain/avr8/avr8-gnu-toolchain/bin/../lib/gcc/avr/5.4.0/../../../../avr/lib/avr5\libm.a
LOAD C:\Users\Nacho\Dropbox\DESARR~1\SENSOR~1\Firmware\v4.0\TEST_M~1\TEST_M~1\ARDUIN~1\Debug\libArduinoCore.a
END GROUP
LOAD c:/program files (x86)/atmel/studio/7.0/toolchain/avr8/avr8-gnu-toolchain/bin/../lib/gcc/avr/5.4.0/avr5\libgcc.a
LOAD c:/program files (x86)/atmel/studio/7.0/toolchain/avr8/avr8-gnu-toolchain/bin/../lib/gcc/avr/5.4.0/../../../../avr/lib/avr5\libm.a
START GROUP
LOAD c:/program files (x86)/atmel/studio/7.0/toolchain/avr8/avr8-gnu-toolchain/bin/../lib/gcc/avr/5.4.0/avr5\libgcc.a
LOAD c:/program files (x86)/atmel/studio/7.0/toolchain/avr8/avr8-gnu-toolchain/bin/../lib/gcc/avr/5.4.0/../../../../avr/lib/avr5\libm.a
LOAD c:/program files (x86)/atmel/studio/7.0/toolchain/avr8/avr8-gnu-toolchain/bin/../lib/gcc/avr/5.4.0/../../../../avr/lib/avr5\libc.a
LOAD C:/Program Files (x86)/Atmel/Studio/7.0/Packs/atmel/ATmega_DFP/1.2.150/gcc/dev/atmega328p/avr5\libatmega328p.a
END GROUP
                0x00020000                __TEXT_REGION_LENGTH__ = DEFINED (__TEXT_REGION_LENGTH__)?__TEXT_REGION_LENGTH__:0x20000
                0x0000ffa0                __DATA_REGION_LENGTH__ = DEFINED (__DATA_REGION_LENGTH__)?__DATA_REGION_LENGTH__:0xffa0
                0x00010000                __EEPROM_REGION_LENGTH__ = DEFINED (__EEPROM_REGION_LENGTH__)?__EEPROM_REGION_LENGTH__:0x10000
                [0x00000003]                __FUSE_REGION_LENGTH__ = DEFINED (__FUSE_REGION_LENGTH__)?__FUSE_REGION_LENGTH__:0x400
                0x00000400                __LOCK_REGION_LENGTH__ = DEFINED (__LOCK_REGION_LENGTH__)?__LOCK_REGION_LENGTH__:0x400
                0x00000400                __SIGNATURE_REGION_LENGTH__ = DEFINED (__SIGNATURE_REGION_LENGTH__)?__SIGNATURE_REGION_LENGTH__:0x400
                0x00000400                __USER_SIGNATURE_REGION_LENGTH__ = DEFINED (__USER_SIGNATURE_REGION_LENGTH__)?__USER_SIGNATURE_REGION_LENGTH__:0x400

.hash
 *(.hash)

.dynsym
 *(.dynsym)

.dynstr
 *(.dynstr)

.gnu.version
 *(.gnu.version)

.gnu.version_d
 *(.gnu.version_d)

.gnu.version_r
 *(.gnu.version_r)

.rel.init
 *(.rel.init)

.rela.init
 *(.rela.init)

.rel.text
 *(.rel.text)
 *(.rel.text.*)
 *(.rel.gnu.linkonce.t*)

.rela.text
 *(.rela.text)
 *(.rela.text.*)
 *(.rela.gnu.linkonce.t*)

.rel.fini
 *(.rel.fini)

.rela.fini
 *(.rela.fini)

.rel.rodata
 *(.rel.rodata)
 *(.rel.rodata.*)
 *(.rel.gnu.linkonce.r*)

.rela.rodata
 *(.rela.rodata)
 *(.rela.rodata.*)
 *(.rela.gnu.linkonce.r*)

.rel.data
 *(.rel.data)
 *(.rel.data.*)
 *(.rel.gnu.linkonce.d*)

.rela.data
 *(.rela.data)
 *(.rela.data.*)
 *(.rela.gnu.linkonce.d*)

.rel.ctors
 *(.rel.ctors)

.rela.ctors
 *(.rela.ctors)

.rel.dtors
 *(.rel.dtors)

.rela.dtors
 *(.rela.dtors)

.rel.got
 *(.rel.got)

.rela.got
 *(.rela.got)

.rel.bss
 *(.rel.bss)

.rela.bss
 *(.rela.bss)

.rel.plt
 *(.rel.plt)

.rela.plt
 *(.rela.plt)

.text           0x00000000     0x2f92
 *(.vectors)
 .vectors       0x00000000       0x68 C:/Program Files (x86)/Atmel/Studio/7.0/Packs/atmel/ATmega_DFP/1.2.150/gcc/dev/atmega328p/avr5/crtatmega328p.o
                0x00000000                __vector_default
                0x00000000                __vectors
 *(.vectors)
 *(.progmem.gcc*)
 .progmem.gcc_sw_table._ZN8GSM_MQTT16printMessageTypeEh
                0x00000068       0x1c GSM_MQTT.o
                0x00000084                . = ALIGN (0x2)
                0x00000084                __trampolines_start = .
 *(.trampolines)
 .trampolines   0x00000084        0x0 linker stubs
 *(.trampolines*)
                0x00000084                __trampolines_end = .
 *libprintf_flt.a:*(.progmem.data)
 *libc.a:*(.progmem.data)
 *(.progmem*)
 .progmem.data._ZL11ConnectAck5
                0x00000084       0x25 GSM_MQTT.o
 .progmem.data._ZL11ConnectAck4
                0x000000a9       0x30 GSM_MQTT.o
 .progmem.data._ZL11ConnectAck3
                0x000000d9       0x29 GSM_MQTT.o
 .progmem.data._ZL11ConnectAck2
                0x00000102       0x2a GSM_MQTT.o
 .progmem.data._ZL11ConnectAck1
                0x0000012c       0x34 GSM_MQTT.o
 .progmem.data._ZL11ConnectAck0
                0x00000160       0x16 GSM_MQTT.o
 .progmem.data._ZL17DISCONNECTMessage
                0x00000176       0x1a GSM_MQTT.o
 .progmem.data._ZL15PINGRESPMessage
                0x00000190       0x10 GSM_MQTT.o
 .progmem.data._ZL14PINGREQMessage
                0x000001a0        0xf GSM_MQTT.o
 .progmem.data._ZL15UNSUBACKMessage
                0x000001af       0x1d GSM_MQTT.o
 .progmem.data._ZL18UNSUBSCRIBEMessage
                0x000001cc       0x1d GSM_MQTT.o
 .progmem.data._ZL13SUBACKMessage
                0x000001e9       0x1b GSM_MQTT.o
 .progmem.data._ZL16SUBSCRIBEMessage
                0x00000204       0x1b GSM_MQTT.o
 .progmem.data._ZL14PUBCOMPMessage
                0x0000021f       0x2d GSM_MQTT.o
 .progmem.data._ZL13PUBRELMessage
                0x0000024c       0x2c GSM_MQTT.o
 .progmem.data._ZL13PUBRECMessage
                0x00000278       0x2d GSM_MQTT.o
 .progmem.data._ZL13PUBACKMessage
                0x000002a5       0x19 GSM_MQTT.o
 .progmem.data._ZL14PUBLISHMessage
                0x000002be       0x12 GSM_MQTT.o
 .progmem.data._ZL14CONNACKMessage
                0x000002d0       0x19 GSM_MQTT.o
 .progmem.data._ZL14CONNECTMessage
                0x000002e9       0x26 GSM_MQTT.o
 .progmem.data.digital_pin_to_timer_PGM
                0x0000030f       0x14 C:\Users\Nacho\Dropbox\DESARR~1\SENSOR~1\Firmware\v4.0\TEST_M~1\TEST_M~1\ARDUIN~1\Debug\libArduinoCore.a(wiring_digital.o)
                0x0000030f                digital_pin_to_timer_PGM
 .progmem.data.digital_pin_to_bit_mask_PGM
                0x00000323       0x14 C:\Users\Nacho\Dropbox\DESARR~1\SENSOR~1\Firmware\v4.0\TEST_M~1\TEST_M~1\ARDUIN~1\Debug\libArduinoCore.a(wiring_digital.o)
                0x00000323                digital_pin_to_bit_mask_PGM
 .progmem.data.digital_pin_to_port_PGM
                0x00000337       0x14 C:\Users\Nacho\Dropbox\DESARR~1\SENSOR~1\Firmware\v4.0\TEST_M~1\TEST_M~1\ARDUIN~1\Debug\libArduinoCore.a(wiring_digital.o)
                0x00000337                digital_pin_to_port_PGM
 .progmem.data.port_to_input_PGM
                0x0000034b        0xa C:\Users\Nacho\Dropbox\DESARR~1\SENSOR~1\Firmware\v4.0\TEST_M~1\TEST_M~1\ARDUIN~1\Debug\libArduinoCore.a(wiring_digital.o)
                0x0000034b                port_to_input_PGM
 .progmem.data.port_to_output_PGM
                0x00000355        0xa C:\Users\Nacho\Dropbox\DESARR~1\SENSOR~1\Firmware\v4.0\TEST_M~1\TEST_M~1\ARDUIN~1\Debug\libArduinoCore.a(wiring_digital.o)
                0x00000355                port_to_output_PGM
 .progmem.data.port_to_mode_PGM
                0x0000035f        0xa C:\Users\Nacho\Dropbox\DESARR~1\SENSOR~1\Firmware\v4.0\TEST_M~1\TEST_M~1\ARDUIN~1\Debug\libArduinoCore.a(wiring_digital.o)
                0x0000035f                port_to_mode_PGM
                0x0000036a                . = ALIGN (0x2)
 *fill*         0x00000369        0x1 
 *(.jumptables)
 *(.jumptables*)
 *(.lowtext)
 *(.lowtext*)
                0x0000036a                __ctors_start = .
 *(.ctors)
 .ctors         0x0000036a        0x2 Sketch.o
 .ctors         0x0000036c        0x2 C:\Users\Nacho\Dropbox\DESARR~1\SENSOR~1\Firmware\v4.0\TEST_M~1\TEST_M~1\ARDUIN~1\Debug\libArduinoCore.a(HardwareSerial0.o)
                0x0000036e                __ctors_end = .
                0x0000036e                __dtors_start = .
 *(.dtors)
 .dtors         0x0000036e        0x2 Sketch.o
                0x00000370                __dtors_end = .
 SORT(*)(.ctors)
 SORT(*)(.dtors)
 *(.init0)
 .init0         0x00000370        0x0 C:/Program Files (x86)/Atmel/Studio/7.0/Packs/atmel/ATmega_DFP/1.2.150/gcc/dev/atmega328p/avr5/crtatmega328p.o
                0x00000370                __init
 *(.init0)
 *(.init1)
 *(.init1)
 *(.init2)
 .init2         0x00000370        0xc C:/Program Files (x86)/Atmel/Studio/7.0/Packs/atmel/ATmega_DFP/1.2.150/gcc/dev/atmega328p/avr5/crtatmega328p.o
 *(.init2)
 *(.init3)
 *(.init3)
 *(.init4)
 .init4         0x0000037c       0x16 c:/program files (x86)/atmel/studio/7.0/toolchain/avr8/avr8-gnu-toolchain/bin/../lib/gcc/avr/5.4.0/avr5\libgcc.a(_copy_data.o)
                0x0000037c                __do_copy_data
 .init4         0x00000392       0x10 c:/program files (x86)/atmel/studio/7.0/toolchain/avr8/avr8-gnu-toolchain/bin/../lib/gcc/avr/5.4.0/avr5\libgcc.a(_clear_bss.o)
                0x00000392                __do_clear_bss
 *(.init4)
 *(.init5)
 *(.init5)
 *(.init6)
 .init6         0x000003a2       0x16 c:/program files (x86)/atmel/studio/7.0/toolchain/avr8/avr8-gnu-toolchain/bin/../lib/gcc/avr/5.4.0/avr5\libgcc.a(_ctors.o)
                0x000003a2                __do_global_ctors
 *(.init6)
 *(.init7)
 *(.init7)
 *(.init8)
 *(.init8)
 *(.init9)
 .init9         0x000003b8        0x8 C:/Program Files (x86)/Atmel/Studio/7.0/Packs/atmel/ATmega_DFP/1.2.150/gcc/dev/atmega328p/avr5/crtatmega328p.o
 *(.init9)
 *(.text)
 .text          0x000003c0        0x4 C:/Program Files (x86)/Atmel/Studio/7.0/Packs/atmel/ATmega_DFP/1.2.150/gcc/dev/atmega328p/avr5/crtatmega328p.o
                0x000003c0                __vector_22
                0x000003c0                __vector_1
                0x000003c0                __vector_24
                0x000003c0                __vector_12
                0x000003c0                __bad_interrupt
                0x000003c0                __vector_6
                0x000003c0                __vector_23
                0x000003c0                __vector_25
                0x000003c0                __vector_11
                0x000003c0                __vector_13
                0x000003c0                __vector_17
                0x000003c0                __vector_7
                0x000003c0                __vector_9
                0x000003c0                __vector_2
                0x000003c0                __vector_21
                0x000003c0                __vector_15
                0x000003c0                __vector_8
                0x000003c0                __vector_14
                0x000003c0                __vector_10
                0x000003c0                __vector_20
                0x000003c4                . = ALIGN (0x2)
 *(.text.*)
 .text._ZN5Print5writeEPKc
                0x000003c4       0x2a GSM_MQTT.o
                0x000003c4                _ZN5Print5writeEPKc
 .text._ZN8GSM_MQTTC2Em
                0x000003ee       0x8e GSM_MQTT.o
                0x000003ee                _ZN8GSM_MQTTC1Em
                0x000003ee                _ZN8GSM_MQTTC2Em
 .text._ZN8GSM_MQTT14_sendUTFStringEPc
                0x0000047c       0x52 GSM_MQTT.o
                0x0000047c                _ZN8GSM_MQTT14_sendUTFStringEPc
 .text._ZN8GSM_MQTT11_sendLengthEi
                0x000004ce       0x34 GSM_MQTT.o
                0x000004ce                _ZN8GSM_MQTT11_sendLengthEi
 .text._ZN8GSM_MQTT5_pingEv
                0x00000502       0xba GSM_MQTT.o
                0x00000502                _ZN8GSM_MQTT5_pingEv
 .text._ZN8GSM_MQTT7connectEPcccS0_S0_ccccS0_S0_
                0x000005bc      0x1fa GSM_MQTT.o
                0x000005bc                _ZN8GSM_MQTT7connectEPcccS0_S0_ccccS0_S0_
 .text._ZN8GSM_MQTT7publishEcccjPcS0_
                0x000007b6       0x9e GSM_MQTT.o
                0x000007b6                _ZN8GSM_MQTT7publishEcccjPcS0_
 .text._ZN8GSM_MQTT10publishACKEj
                0x00000854       0x3c GSM_MQTT.o
                0x00000854                _ZN8GSM_MQTT10publishACKEj
 .text._ZN8GSM_MQTT10publishRECEj
                0x00000890       0x3c GSM_MQTT.o
                0x00000890                _ZN8GSM_MQTT10publishRECEj
 .text._ZN8GSM_MQTT10publishRELEcj
                0x000008cc       0x42 GSM_MQTT.o
                0x000008cc                _ZN8GSM_MQTT10publishRELEcj
 .text._ZN8GSM_MQTT11publishCOMPEj
                0x0000090e       0x3c GSM_MQTT.o
                0x0000090e                _ZN8GSM_MQTT11publishCOMPEj
 .text._ZN8GSM_MQTT9subscribeEcjPcc
                0x0000094a       0x72 GSM_MQTT.o
                0x0000094a                _ZN8GSM_MQTT9subscribeEcjPcc
 .text._ZN8GSM_MQTT16printMessageTypeEh
                0x000009bc      0x1be GSM_MQTT.o
                0x000009bc                _ZN8GSM_MQTT16printMessageTypeEh
 .text._ZN8GSM_MQTT15printConnectAckEh
                0x00000b7a       0xe0 GSM_MQTT.o
                0x00000b7a                _ZN8GSM_MQTT15printConnectAckEh
 .text._ZN8GSM_MQTT18_generateMessageIDEv
                0x00000c5a       0x24 GSM_MQTT.o
                0x00000c5a                _ZN8GSM_MQTT18_generateMessageIDEv
 .text._ZN8GSM_MQTT9availableEv
                0x00000c7e        0x6 GSM_MQTT.o
                0x00000c7e                _ZN8GSM_MQTT9availableEv
 .text._Z11serialEventv
                0x00000c84      0x86c GSM_MQTT.o
                0x00000c84                _Z11serialEventv
 .text._ZN8GSM_MQTT7_sendATEPcm
                0x000014f0       0x86 GSM_MQTT.o
                0x000014f0                _ZN8GSM_MQTT7_sendATEPcm
 .text._ZN8GSM_MQTT11sendATreplyEPcS0_m
                0x00001576       0x86 GSM_MQTT.o
                0x00001576                _ZN8GSM_MQTT11sendATreplyEPcS0_m
 .text._ZN8GSM_MQTT8_tcpInitEv
                0x000015fc      0x2d8 GSM_MQTT.o
                0x000015fc                _ZN8GSM_MQTT8_tcpInitEv
 .text._ZN8GSM_MQTT5beginEv
                0x000018d4       0x4a GSM_MQTT.o
                0x000018d4                _ZN8GSM_MQTT5beginEv
 .text._ZN8GSM_MQTT10processingEv
                0x0000191e       0x1e GSM_MQTT.o
                0x0000191e                _ZN8GSM_MQTT10processingEv
 .text._ZN8GSM_MQTT11AutoConnectEv
                0x0000193c       0x50 Sketch.o
                0x0000193c                _ZN8GSM_MQTT11AutoConnectEv
 .text._ZN8GSM_MQTT9OnConnectEv
                0x0000198c       0x5c Sketch.o
                0x0000198c                _ZN8GSM_MQTT9OnConnectEv
 .text._ZN8GSM_MQTT9OnMessageEPciS0_i
                0x000019e8       0x4c Sketch.o
                0x000019e8                _ZN8GSM_MQTT9OnMessageEPciS0_i
 .text.setup    0x00001a34        0x8 Sketch.o
                0x00001a34                setup
 .text.loop     0x00001a3c       0x5a Sketch.o
                0x00001a3c                loop
 .text.startup._GLOBAL__sub_I_MQTT_HOST
                0x00001a96       0x36 Sketch.o
 .text.exit._GLOBAL__sub_D_MQTT_HOST
                0x00001acc       0x18 Sketch.o
 .text._ZN14HardwareSerial9availableEv
                0x00001ae4       0x18 C:\Users\Nacho\Dropbox\DESARR~1\SENSOR~1\Firmware\v4.0\TEST_M~1\TEST_M~1\ARDUIN~1\Debug\libArduinoCore.a(HardwareSerial.o)
                0x00001ae4                _ZN14HardwareSerial9availableEv
 .text._ZN14HardwareSerial4peekEv
                0x00001afc       0x1c C:\Users\Nacho\Dropbox\DESARR~1\SENSOR~1\Firmware\v4.0\TEST_M~1\TEST_M~1\ARDUIN~1\Debug\libArduinoCore.a(HardwareSerial.o)
                0x00001afc                _ZN14HardwareSerial4peekEv
 .text._ZN14HardwareSerial4readEv
                0x00001b18       0x28 C:\Users\Nacho\Dropbox\DESARR~1\SENSOR~1\Firmware\v4.0\TEST_M~1\TEST_M~1\ARDUIN~1\Debug\libArduinoCore.a(HardwareSerial.o)
                0x00001b18                _ZN14HardwareSerial4readEv
 .text._ZN14HardwareSerial17availableForWriteEv
                0x00001b40       0x1e C:\Users\Nacho\Dropbox\DESARR~1\SENSOR~1\Firmware\v4.0\TEST_M~1\TEST_M~1\ARDUIN~1\Debug\libArduinoCore.a(HardwareSerial.o)
                0x00001b40                _ZN14HardwareSerial17availableForWriteEv
 .text._Z14serialEventRunv
                0x00001b5e       0x1c C:\Users\Nacho\Dropbox\DESARR~1\SENSOR~1\Firmware\v4.0\TEST_M~1\TEST_M~1\ARDUIN~1\Debug\libArduinoCore.a(HardwareSerial.o)
                0x00001b5e                _Z14serialEventRunv
 .text._ZN14HardwareSerial17_tx_udr_empty_irqEv
                0x00001b7a       0x42 C:\Users\Nacho\Dropbox\DESARR~1\SENSOR~1\Firmware\v4.0\TEST_M~1\TEST_M~1\ARDUIN~1\Debug\libArduinoCore.a(HardwareSerial.o)
                0x00001b7a                _ZN14HardwareSerial17_tx_udr_empty_irqEv
 .text._ZN14HardwareSerial5writeEh
                0x00001bbc       0x8e C:\Users\Nacho\Dropbox\DESARR~1\SENSOR~1\Firmware\v4.0\TEST_M~1\TEST_M~1\ARDUIN~1\Debug\libArduinoCore.a(HardwareSerial.o)
                0x00001bbc                _ZN14HardwareSerial5writeEh
 .text._ZN14HardwareSerial5flushEv
                0x00001c4a       0x44 C:\Users\Nacho\Dropbox\DESARR~1\SENSOR~1\Firmware\v4.0\TEST_M~1\TEST_M~1\ARDUIN~1\Debug\libArduinoCore.a(HardwareSerial.o)
                0x00001c4a                _ZN14HardwareSerial5flushEv
 .text._ZN14HardwareSerial5beginEmh
                0x00001c8e       0xc0 C:\Users\Nacho\Dropbox\DESARR~1\SENSOR~1\Firmware\v4.0\TEST_M~1\TEST_M~1\ARDUIN~1\Debug\libArduinoCore.a(HardwareSerial.o)
                0x00001c8e                _ZN14HardwareSerial5beginEmh
 .text._ZN5Print17availableForWriteEv
                0x00001d4e        0x6 C:\Users\Nacho\Dropbox\DESARR~1\SENSOR~1\Firmware\v4.0\TEST_M~1\TEST_M~1\ARDUIN~1\Debug\libArduinoCore.a(HardwareSerial0.o)
                0x00001d4e                _ZN5Print17availableForWriteEv
 .text.__vector_18
                0x00001d54       0x64 C:\Users\Nacho\Dropbox\DESARR~1\SENSOR~1\Firmware\v4.0\TEST_M~1\TEST_M~1\ARDUIN~1\Debug\libArduinoCore.a(HardwareSerial0.o)
                0x00001d54                __vector_18
 .text.__vector_19
                0x00001db8       0x4c C:\Users\Nacho\Dropbox\DESARR~1\SENSOR~1\Firmware\v4.0\TEST_M~1\TEST_M~1\ARDUIN~1\Debug\libArduinoCore.a(HardwareSerial0.o)
                0x00001db8                __vector_19
 .text._Z17Serial0_availablev
                0x00001e04       0x14 C:\Users\Nacho\Dropbox\DESARR~1\SENSOR~1\Firmware\v4.0\TEST_M~1\TEST_M~1\ARDUIN~1\Debug\libArduinoCore.a(HardwareSerial0.o)
                0x00001e04                _Z17Serial0_availablev
 .text.startup._GLOBAL__sub_I___vector_18
                0x00001e18       0x5a C:\Users\Nacho\Dropbox\DESARR~1\SENSOR~1\Firmware\v4.0\TEST_M~1\TEST_M~1\ARDUIN~1\Debug\libArduinoCore.a(HardwareSerial0.o)
 .text.initVariant
                0x00001e72        0x2 C:\Users\Nacho\Dropbox\DESARR~1\SENSOR~1\Firmware\v4.0\TEST_M~1\TEST_M~1\ARDUIN~1\Debug\libArduinoCore.a(main.o)
                0x00001e72                initVariant
 .text.startup.main
                0x00001e74       0x1e C:\Users\Nacho\Dropbox\DESARR~1\SENSOR~1\Firmware\v4.0\TEST_M~1\TEST_M~1\ARDUIN~1\Debug\libArduinoCore.a(main.o)
                0x00001e74                main
 .text._ZN5Print5writeEPKhj
                0x00001e92       0x54 C:\Users\Nacho\Dropbox\DESARR~1\SENSOR~1\Firmware\v4.0\TEST_M~1\TEST_M~1\ARDUIN~1\Debug\libArduinoCore.a(Print.o)
                0x00001e92                _ZN5Print5writeEPKhj
 .text._ZN5Print5printERK6String
                0x00001ee6       0x1c C:\Users\Nacho\Dropbox\DESARR~1\SENSOR~1\Firmware\v4.0\TEST_M~1\TEST_M~1\ARDUIN~1\Debug\libArduinoCore.a(Print.o)
                0x00001ee6                _ZN5Print5printERK6String
 .text._ZN5Print5printEPKc
                0x00001f02        0x4 C:\Users\Nacho\Dropbox\DESARR~1\SENSOR~1\Firmware\v4.0\TEST_M~1\TEST_M~1\ARDUIN~1\Debug\libArduinoCore.a(Print.o)
                0x00001f02                _ZN5Print5printEPKc
 .text._ZN5Print5printEc
                0x00001f06        0xe C:\Users\Nacho\Dropbox\DESARR~1\SENSOR~1\Firmware\v4.0\TEST_M~1\TEST_M~1\ARDUIN~1\Debug\libArduinoCore.a(Print.o)
                0x00001f06                _ZN5Print5printEc
 .text._ZN5Print7printlnEv
                0x00001f14        0x8 C:\Users\Nacho\Dropbox\DESARR~1\SENSOR~1\Firmware\v4.0\TEST_M~1\TEST_M~1\ARDUIN~1\Debug\libArduinoCore.a(Print.o)
                0x00001f14                _ZN5Print7printlnEv
 .text._ZN5Print7printlnEPKc
                0x00001f1c       0x24 C:\Users\Nacho\Dropbox\DESARR~1\SENSOR~1\Firmware\v4.0\TEST_M~1\TEST_M~1\ARDUIN~1\Debug\libArduinoCore.a(Print.o)
                0x00001f1c                _ZN5Print7printlnEPKc
 .text._ZN5Print11printNumberEmh
                0x00001f40       0x92 C:\Users\Nacho\Dropbox\DESARR~1\SENSOR~1\Firmware\v4.0\TEST_M~1\TEST_M~1\ARDUIN~1\Debug\libArduinoCore.a(Print.o)
                0x00001f40                _ZN5Print11printNumberEmh
 .text._ZN5Print5printEmi
                0x00001fd2       0x1a C:\Users\Nacho\Dropbox\DESARR~1\SENSOR~1\Firmware\v4.0\TEST_M~1\TEST_M~1\ARDUIN~1\Debug\libArduinoCore.a(Print.o)
                0x00001fd2                _ZN5Print5printEmi
 .text._ZN5Print7printlnEmi
                0x00001fec       0x24 C:\Users\Nacho\Dropbox\DESARR~1\SENSOR~1\Firmware\v4.0\TEST_M~1\TEST_M~1\ARDUIN~1\Debug\libArduinoCore.a(Print.o)
                0x00001fec                _ZN5Print7printlnEmi
 .text._ZN5Print5printEli
                0x00002010       0x90 C:\Users\Nacho\Dropbox\DESARR~1\SENSOR~1\Firmware\v4.0\TEST_M~1\TEST_M~1\ARDUIN~1\Debug\libArduinoCore.a(Print.o)
                0x00002010                _ZN5Print5printEli
 .text._ZN5Print5printEii
                0x000020a0        0xe C:\Users\Nacho\Dropbox\DESARR~1\SENSOR~1\Firmware\v4.0\TEST_M~1\TEST_M~1\ARDUIN~1\Debug\libArduinoCore.a(Print.o)
                0x000020a0                _ZN5Print5printEii
 .text._ZN5Print7printlnEii
                0x000020ae       0x24 C:\Users\Nacho\Dropbox\DESARR~1\SENSOR~1\Firmware\v4.0\TEST_M~1\TEST_M~1\ARDUIN~1\Debug\libArduinoCore.a(Print.o)
                0x000020ae                _ZN5Print7printlnEii
 .text.__vector_16
                0x000020d2       0x94 C:\Users\Nacho\Dropbox\DESARR~1\SENSOR~1\Firmware\v4.0\TEST_M~1\TEST_M~1\ARDUIN~1\Debug\libArduinoCore.a(wiring.o)
                0x000020d2                __vector_16
 .text.millis   0x00002166       0x18 C:\Users\Nacho\Dropbox\DESARR~1\SENSOR~1\Firmware\v4.0\TEST_M~1\TEST_M~1\ARDUIN~1\Debug\libArduinoCore.a(wiring.o)
                0x00002166                millis
 .text.micros   0x0000217e       0x4a C:\Users\Nacho\Dropbox\DESARR~1\SENSOR~1\Firmware\v4.0\TEST_M~1\TEST_M~1\ARDUIN~1\Debug\libArduinoCore.a(wiring.o)
                0x0000217e                micros
 .text.delay    0x000021c8       0x78 C:\Users\Nacho\Dropbox\DESARR~1\SENSOR~1\Firmware\v4.0\TEST_M~1\TEST_M~1\ARDUIN~1\Debug\libArduinoCore.a(wiring.o)
                0x000021c8                delay
 .text.init     0x00002240       0x76 C:\Users\Nacho\Dropbox\DESARR~1\SENSOR~1\Firmware\v4.0\TEST_M~1\TEST_M~1\ARDUIN~1\Debug\libArduinoCore.a(wiring.o)
                0x00002240                init
 .text._ZN6StringD2Ev
                0x000022b6        0xa C:\Users\Nacho\Dropbox\DESARR~1\SENSOR~1\Firmware\v4.0\TEST_M~1\TEST_M~1\ARDUIN~1\Debug\libArduinoCore.a(WString.o)
                0x000022b6                _ZN6StringD2Ev
                0x000022b6                _ZN6StringD1Ev
 .text._ZN6String10invalidateEv
                0x000022c0       0x24 C:\Users\Nacho\Dropbox\DESARR~1\SENSOR~1\Firmware\v4.0\TEST_M~1\TEST_M~1\ARDUIN~1\Debug\libArduinoCore.a(WString.o)
                0x000022c0                _ZN6String10invalidateEv
 .text._ZN6String12changeBufferEj
                0x000022e4       0x34 C:\Users\Nacho\Dropbox\DESARR~1\SENSOR~1\Firmware\v4.0\TEST_M~1\TEST_M~1\ARDUIN~1\Debug\libArduinoCore.a(WString.o)
                0x000022e4                _ZN6String12changeBufferEj
 .text._ZN6String7reserveEj
                0x00002318       0x38 C:\Users\Nacho\Dropbox\DESARR~1\SENSOR~1\Firmware\v4.0\TEST_M~1\TEST_M~1\ARDUIN~1\Debug\libArduinoCore.a(WString.o)
                0x00002318                _ZN6String7reserveEj
 .text._ZN6String4copyEPKcj
                0x00002350       0x42 C:\Users\Nacho\Dropbox\DESARR~1\SENSOR~1\Firmware\v4.0\TEST_M~1\TEST_M~1\ARDUIN~1\Debug\libArduinoCore.a(WString.o)
                0x00002350                _ZN6String4copyEPKcj
 .text._ZN6StringC2EPKc
                0x00002392       0x2a C:\Users\Nacho\Dropbox\DESARR~1\SENSOR~1\Firmware\v4.0\TEST_M~1\TEST_M~1\ARDUIN~1\Debug\libArduinoCore.a(WString.o)
                0x00002392                _ZN6StringC2EPKc
                0x00002392                _ZN6StringC1EPKc
 .text._ZN14SoftwareSerial4readEv
                0x000023bc       0x42 C:\Users\Nacho\Dropbox\DESARR~1\SENSOR~1\Firmware\v4.0\TEST_M~1\TEST_M~1\ARDUIN~1\Debug\libArduinoCore.a(SoftwareSerial.o)
                0x000023bc                _ZN14SoftwareSerial4readEv
 .text._ZN14SoftwareSerial5writeEh
                0x000023fe       0xa0 C:\Users\Nacho\Dropbox\DESARR~1\SENSOR~1\Firmware\v4.0\TEST_M~1\TEST_M~1\ARDUIN~1\Debug\libArduinoCore.a(SoftwareSerial.o)
                0x000023fe                _ZN14SoftwareSerial5writeEh
 .text._ZN14SoftwareSerial5flushEv
                0x0000249e        0x2 C:\Users\Nacho\Dropbox\DESARR~1\SENSOR~1\Firmware\v4.0\TEST_M~1\TEST_M~1\ARDUIN~1\Debug\libArduinoCore.a(SoftwareSerial.o)
                0x0000249e                _ZN14SoftwareSerial5flushEv
 .text._ZN14SoftwareSerial4peekEv
                0x000024a0       0x30 C:\Users\Nacho\Dropbox\DESARR~1\SENSOR~1\Firmware\v4.0\TEST_M~1\TEST_M~1\ARDUIN~1\Debug\libArduinoCore.a(SoftwareSerial.o)
                0x000024a0                _ZN14SoftwareSerial4peekEv
 .text._ZN14SoftwareSerial9availableEv
                0x000024d0       0x30 C:\Users\Nacho\Dropbox\DESARR~1\SENSOR~1\Firmware\v4.0\TEST_M~1\TEST_M~1\ARDUIN~1\Debug\libArduinoCore.a(SoftwareSerial.o)
                0x000024d0                _ZN14SoftwareSerial9availableEv
 .text._ZN14SoftwareSerial13stopListeningEv
                0x00002500       0x2c C:\Users\Nacho\Dropbox\DESARR~1\SENSOR~1\Firmware\v4.0\TEST_M~1\TEST_M~1\ARDUIN~1\Debug\libArduinoCore.a(SoftwareSerial.o)
                0x00002500                _ZN14SoftwareSerial13stopListeningEv
 .text._ZN14SoftwareSerial6listenEv
                0x0000252c       0x52 C:\Users\Nacho\Dropbox\DESARR~1\SENSOR~1\Firmware\v4.0\TEST_M~1\TEST_M~1\ARDUIN~1\Debug\libArduinoCore.a(SoftwareSerial.o)
                0x0000252c                _ZN14SoftwareSerial6listenEv
 .text.__vector_3
                0x0000257e       0xf4 C:\Users\Nacho\Dropbox\DESARR~1\SENSOR~1\Firmware\v4.0\TEST_M~1\TEST_M~1\ARDUIN~1\Debug\libArduinoCore.a(SoftwareSerial.o)
                0x0000257e                __vector_5
                0x0000257e                __vector_4
                0x0000257e                __vector_3
 .text._ZN14SoftwareSerialD2Ev
                0x00002672        0xe C:\Users\Nacho\Dropbox\DESARR~1\SENSOR~1\Firmware\v4.0\TEST_M~1\TEST_M~1\ARDUIN~1\Debug\libArduinoCore.a(SoftwareSerial.o)
                0x00002672                _ZN14SoftwareSerialD1Ev
                0x00002672                _ZN14SoftwareSerialD2Ev
 .text._ZN14SoftwareSerial5setTXEh
                0x00002680       0x52 C:\Users\Nacho\Dropbox\DESARR~1\SENSOR~1\Firmware\v4.0\TEST_M~1\TEST_M~1\ARDUIN~1\Debug\libArduinoCore.a(SoftwareSerial.o)
                0x00002680                _ZN14SoftwareSerial5setTXEh
 .text._ZN14SoftwareSerial5setRXEh
                0x000026d2       0x52 C:\Users\Nacho\Dropbox\DESARR~1\SENSOR~1\Firmware\v4.0\TEST_M~1\TEST_M~1\ARDUIN~1\Debug\libArduinoCore.a(SoftwareSerial.o)
                0x000026d2                _ZN14SoftwareSerial5setRXEh
 .text._ZN14SoftwareSerialC2Ehhb
                0x00002724       0x56 C:\Users\Nacho\Dropbox\DESARR~1\SENSOR~1\Firmware\v4.0\TEST_M~1\TEST_M~1\ARDUIN~1\Debug\libArduinoCore.a(SoftwareSerial.o)
                0x00002724                _ZN14SoftwareSerialC1Ehhb
                0x00002724                _ZN14SoftwareSerialC2Ehhb
 .text._ZN14SoftwareSerial5beginEl
                0x0000277a      0x11c C:\Users\Nacho\Dropbox\DESARR~1\SENSOR~1\Firmware\v4.0\TEST_M~1\TEST_M~1\ARDUIN~1\Debug\libArduinoCore.a(SoftwareSerial.o)
                0x0000277a                _ZN14SoftwareSerial5beginEl
 .text.__empty  0x00002896        0x2 C:\Users\Nacho\Dropbox\DESARR~1\SENSOR~1\Firmware\v4.0\TEST_M~1\TEST_M~1\ARDUIN~1\Debug\libArduinoCore.a(hooks.o)
                0x00002896                yield
 .text.turnOffPWM
                0x00002898       0x52 C:\Users\Nacho\Dropbox\DESARR~1\SENSOR~1\Firmware\v4.0\TEST_M~1\TEST_M~1\ARDUIN~1\Debug\libArduinoCore.a(wiring_digital.o)
 .text.pinMode  0x000028ea       0x78 C:\Users\Nacho\Dropbox\DESARR~1\SENSOR~1\Firmware\v4.0\TEST_M~1\TEST_M~1\ARDUIN~1\Debug\libArduinoCore.a(wiring_digital.o)
                0x000028ea                pinMode
 .text.digitalWrite
                0x00002962       0x5e C:\Users\Nacho\Dropbox\DESARR~1\SENSOR~1\Firmware\v4.0\TEST_M~1\TEST_M~1\ARDUIN~1\Debug\libArduinoCore.a(wiring_digital.o)
                0x00002962                digitalWrite
 .text.libgcc.div
                0x000029c0       0x28 c:/program files (x86)/atmel/studio/7.0/toolchain/avr8/avr8-gnu-toolchain/bin/../lib/gcc/avr/5.4.0/avr5\libgcc.a(_divmodhi4.o)
                0x000029c0                _div
                0x000029c0                __divmodhi4
 .text.libgcc.div
                0x000029e8       0x44 c:/program files (x86)/atmel/studio/7.0/toolchain/avr8/avr8-gnu-toolchain/bin/../lib/gcc/avr/5.4.0/avr5\libgcc.a(_udivmodsi4.o)
                0x000029e8                __udivmodsi4
 .text.libgcc.div
                0x00002a2c       0x2e c:/program files (x86)/atmel/studio/7.0/toolchain/avr8/avr8-gnu-toolchain/bin/../lib/gcc/avr/5.4.0/avr5\libgcc.a(_divmodsi4.o)
                0x00002a2c                __divmodsi4
 .text.libgcc.div
                0x00002a5a       0x10 c:/program files (x86)/atmel/studio/7.0/toolchain/avr8/avr8-gnu-toolchain/bin/../lib/gcc/avr/5.4.0/avr5\libgcc.a(_negsi2.o)
                0x00002a5a                __negsi2
 .text.libgcc   0x00002a6a        0xc c:/program files (x86)/atmel/studio/7.0/toolchain/avr8/avr8-gnu-toolchain/bin/../lib/gcc/avr/5.4.0/avr5\libgcc.a(_tablejump2.o)
                0x00002a6a                __tablejump2__
 .text.libgcc.mul
                0x00002a76       0x16 c:/program files (x86)/atmel/studio/7.0/toolchain/avr8/avr8-gnu-toolchain/bin/../lib/gcc/avr/5.4.0/avr5\libgcc.a(_muluhisi3.o)
                0x00002a76                __muluhisi3
 .text.libgcc.div
                0x00002a8c       0x28 c:/program files (x86)/atmel/studio/7.0/toolchain/avr8/avr8-gnu-toolchain/bin/../lib/gcc/avr/5.4.0/avr5\libgcc.a(_udivmodhi4.o)
                0x00002a8c                __udivmodhi4
 .text.libgcc.mul
                0x00002ab4       0x1e c:/program files (x86)/atmel/studio/7.0/toolchain/avr8/avr8-gnu-toolchain/bin/../lib/gcc/avr/5.4.0/avr5\libgcc.a(_umulhisi3.o)
                0x00002ab4                __umulhisi3
 .text.avr-libc
                0x00002ad2      0x242 c:/program files (x86)/atmel/studio/7.0/toolchain/avr8/avr8-gnu-toolchain/bin/../lib/gcc/avr/5.4.0/../../../../avr/lib/avr5\libc.a(malloc.o)
                0x00002ad2                malloc
                0x00002c02                free
 .text.avr-libc
                0x00002d14      0x18c c:/program files (x86)/atmel/studio/7.0/toolchain/avr8/avr8-gnu-toolchain/bin/../lib/gcc/avr/5.4.0/../../../../avr/lib/avr5\libc.a(realloc.o)
                0x00002d14                realloc
 .text.avr-libc
                0x00002ea0       0x12 c:/program files (x86)/atmel/studio/7.0/toolchain/avr8/avr8-gnu-toolchain/bin/../lib/gcc/avr/5.4.0/../../../../avr/lib/avr5\libc.a(memcpy.o)
                0x00002ea0                memcpy
 .text.avr-libc
                0x00002eb2       0x16 c:/program files (x86)/atmel/studio/7.0/toolchain/avr8/avr8-gnu-toolchain/bin/../lib/gcc/avr/5.4.0/../../../../avr/lib/avr5\libc.a(strchr.o)
                0x00002eb2                strchr
 .text.avr-libc
                0x00002ec8        0xe c:/program files (x86)/atmel/studio/7.0/toolchain/avr8/avr8-gnu-toolchain/bin/../lib/gcc/avr/5.4.0/../../../../avr/lib/avr5\libc.a(strcpy.o)
                0x00002ec8                strcpy
 .text.avr-libc
                0x00002ed6       0x34 c:/program files (x86)/atmel/studio/7.0/toolchain/avr8/avr8-gnu-toolchain/bin/../lib/gcc/avr/5.4.0/../../../../avr/lib/avr5\libc.a(strstr.o)
                0x00002ed6                strstr
 .text.libgcc.prologue
                0x00002f0a       0x38 c:/program files (x86)/atmel/studio/7.0/toolchain/avr8/avr8-gnu-toolchain/bin/../lib/gcc/avr/5.4.0/avr5\libgcc.a(_prologue.o)
                0x00002f0a                __prologue_saves__
 .text.libgcc.prologue
                0x00002f42       0x36 c:/program files (x86)/atmel/studio/7.0/toolchain/avr8/avr8-gnu-toolchain/bin/../lib/gcc/avr/5.4.0/avr5\libgcc.a(_epilogue.o)
                0x00002f42                __epilogue_restores__
                0x00002f78                . = ALIGN (0x2)
 *(.fini9)
 .fini9         0x00002f78        0x0 c:/program files (x86)/atmel/studio/7.0/toolchain/avr8/avr8-gnu-toolchain/bin/../lib/gcc/avr/5.4.0/avr5\libgcc.a(_exit.o)
                0x00002f78                _exit
                0x00002f78                exit
 *(.fini9)
 *(.fini8)
 *(.fini8)
 *(.fini7)
 *(.fini7)
 *(.fini6)
 .fini6         0x00002f78       0x16 c:/program files (x86)/atmel/studio/7.0/toolchain/avr8/avr8-gnu-toolchain/bin/../lib/gcc/avr/5.4.0/avr5\libgcc.a(_dtors.o)
                0x00002f78                __do_global_dtors
 *(.fini6)
 *(.fini5)
 *(.fini5)
 *(.fini4)
 *(.fini4)
 *(.fini3)
 *(.fini3)
 *(.fini2)
 *(.fini2)
 *(.fini1)
 *(.fini1)
 *(.fini0)
 .fini0         0x00002f8e        0x4 c:/program files (x86)/atmel/studio/7.0/toolchain/avr8/avr8-gnu-toolchain/bin/../lib/gcc/avr/5.4.0/avr5\libgcc.a(_exit.o)
 *(.fini0)
                0x00002f92                _etext = .

.data           0x00800100      0x25a load address 0x00002f92
                0x00800100                PROVIDE (__data_start, .)
 *(.data)
 .data          0x00800100        0x6 c:/program files (x86)/atmel/studio/7.0/toolchain/avr8/avr8-gnu-toolchain/bin/../lib/gcc/avr/5.4.0/../../../../avr/lib/avr5\libc.a(malloc.o)
                0x00800100                __malloc_heap_end
                0x00800102                __malloc_heap_start
                0x00800104                __malloc_margin
 *(.data*)
 *(.gnu.linkonce.d*)
 *(.rodata)
 *(.rodata*)
 .rodata.str1.1
                0x00800106      0x194 GSM_MQTT.o
                                0x1a8 (size before relaxing)
 .rodata.str1.1
                0x0080029a       0x8f Sketch.o
                                 0x9a (size before relaxing)
 .rodata._ZTV14HardwareSerial
                0x00800329       0x12 C:\Users\Nacho\Dropbox\DESARR~1\SENSOR~1\Firmware\v4.0\TEST_M~1\TEST_M~1\ARDUIN~1\Debug\libArduinoCore.a(HardwareSerial.o)
                0x00800329                _ZTV14HardwareSerial
 .rodata.str1.1
                0x0080033b        0xc C:\Users\Nacho\Dropbox\DESARR~1\SENSOR~1\Firmware\v4.0\TEST_M~1\TEST_M~1\ARDUIN~1\Debug\libArduinoCore.a(Print.o)
                                  0xf (size before relaxing)
 .rodata._ZTV14SoftwareSerial
                0x00800347       0x12 C:\Users\Nacho\Dropbox\DESARR~1\SENSOR~1\Firmware\v4.0\TEST_M~1\TEST_M~1\ARDUIN~1\Debug\libArduinoCore.a(SoftwareSerial.o)
                0x00800347                _ZTV14SoftwareSerial
 *(.gnu.linkonce.r*)
                0x0080035a                . = ALIGN (0x2)
 *fill*         0x00800359        0x1 
                0x0080035a                _edata = .
                0x0080035a                PROVIDE (__data_end, .)

.bss            0x0080035a      0x3a6
                0x0080035a                PROVIDE (__bss_start, .)
 *(.bss)
 *(.bss*)
 .bss.stringComplete
                0x0080035a        0x1 GSM_MQTT.o
                0x0080035a                stringComplete
 .bss.GSM_Response
                0x0080035b        0x1 GSM_MQTT.o
                0x0080035b                GSM_Response
 .bss.MQTT      0x0080035c      0x28b Sketch.o
                0x0080035c                MQTT
 .bss.mySerial  0x008005e7       0x1f Sketch.o
                0x008005e7                mySerial
 .bss.MQTT_PORT
                0x00800606        0x6 Sketch.o
                0x00800606                MQTT_PORT
 .bss.MQTT_HOST
                0x0080060c        0x6 Sketch.o
                0x0080060c                MQTT_HOST
 .bss.Serial    0x00800612       0x9d C:\Users\Nacho\Dropbox\DESARR~1\SENSOR~1\Firmware\v4.0\TEST_M~1\TEST_M~1\ARDUIN~1\Debug\libArduinoCore.a(HardwareSerial0.o)
                0x00800612                Serial
 .bss.timer0_fract
                0x008006af        0x1 C:\Users\Nacho\Dropbox\DESARR~1\SENSOR~1\Firmware\v4.0\TEST_M~1\TEST_M~1\ARDUIN~1\Debug\libArduinoCore.a(wiring.o)
 .bss.timer0_millis
                0x008006b0        0x4 C:\Users\Nacho\Dropbox\DESARR~1\SENSOR~1\Firmware\v4.0\TEST_M~1\TEST_M~1\ARDUIN~1\Debug\libArduinoCore.a(wiring.o)
                0x008006b0                timer0_millis
 .bss.timer0_overflow_count
                0x008006b4        0x4 C:\Users\Nacho\Dropbox\DESARR~1\SENSOR~1\Firmware\v4.0\TEST_M~1\TEST_M~1\ARDUIN~1\Debug\libArduinoCore.a(wiring.o)
                0x008006b4                timer0_overflow_count
 .bss._ZN14SoftwareSerial20_receive_buffer_headE
                0x008006b8        0x1 C:\Users\Nacho\Dropbox\DESARR~1\SENSOR~1\Firmware\v4.0\TEST_M~1\TEST_M~1\ARDUIN~1\Debug\libArduinoCore.a(SoftwareSerial.o)
                0x008006b8                _ZN14SoftwareSerial20_receive_buffer_headE
 .bss._ZN14SoftwareSerial20_receive_buffer_tailE
                0x008006b9        0x1 C:\Users\Nacho\Dropbox\DESARR~1\SENSOR~1\Firmware\v4.0\TEST_M~1\TEST_M~1\ARDUIN~1\Debug\libArduinoCore.a(SoftwareSerial.o)
                0x008006b9                _ZN14SoftwareSerial20_receive_buffer_tailE
 .bss._ZN14SoftwareSerial15_receive_bufferE
                0x008006ba       0x40 C:\Users\Nacho\Dropbox\DESARR~1\SENSOR~1\Firmware\v4.0\TEST_M~1\TEST_M~1\ARDUIN~1\Debug\libArduinoCore.a(SoftwareSerial.o)
                0x008006ba                _ZN14SoftwareSerial15_receive_bufferE
 .bss._ZN14SoftwareSerial13active_objectE
                0x008006fa        0x2 C:\Users\Nacho\Dropbox\DESARR~1\SENSOR~1\Firmware\v4.0\TEST_M~1\TEST_M~1\ARDUIN~1\Debug\libArduinoCore.a(SoftwareSerial.o)
                0x008006fa                _ZN14SoftwareSerial13active_objectE
 *(COMMON)
 COMMON         0x008006fc        0x4 c:/program files (x86)/atmel/studio/7.0/toolchain/avr8/avr8-gnu-toolchain/bin/../lib/gcc/avr/5.4.0/../../../../avr/lib/avr5\libc.a(malloc.o)
                0x008006fc                __brkval
                0x008006fe                __flp
                0x00800700                PROVIDE (__bss_end, .)
                0x00002f92                __data_load_start = LOADADDR (.data)
                0x000031ec                __data_load_end = (__data_load_start + SIZEOF (.data))

.noinit         0x00800700        0x0
                [!provide]                PROVIDE (__noinit_start, .)
 *(.noinit*)
                [!provide]                PROVIDE (__noinit_end, .)
                0x00800700                _end = .
                0x00800700                PROVIDE (__heap_start, .)

.eeprom         0x00810000        0x0
 *(.eeprom*)
                0x00810000                __eeprom_end = .

.fuse
 *(.fuse)
 *(.lfuse)
 *(.hfuse)
 *(.efuse)

.lock
 *(.lock*)

.signature
 *(.signature*)

.user_signatures
 *(.user_signatures*)

.stab
 *(.stab)

.stabstr
 *(.stabstr)

.stab.excl
 *(.stab.excl)

.stab.exclstr
 *(.stab.exclstr)

.stab.index
 *(.stab.index)

.stab.indexstr
 *(.stab.indexstr)

.comment        0x00000000       0x30
 *(.comment)
 .comment       0x00000000       0x30 GSM_MQTT.o
                                 0x31 (size before relaxing)
 .comment       0x00000030       0x31 Sketch.o
 .comment       0x00000030       0x31 C:\Users\Nacho\Dropbox\DESARR~1\SENSOR~1\Firmware\v4.0\TEST_M~1\TEST_M~1\ARDUIN~1\Debug\libArduinoCore.a(HardwareSerial.o)
 .comment       0x00000030       0x31 C:\Users\Nacho\Dropbox\DESARR~1\SENSOR~1\Firmware\v4.0\TEST_M~1\TEST_M~1\ARDUIN~1\Debug\libArduinoCore.a(HardwareSerial0.o)
 .comment       0x00000030       0x31 C:\Users\Nacho\Dropbox\DESARR~1\SENSOR~1\Firmware\v4.0\TEST_M~1\TEST_M~1\ARDUIN~1\Debug\libArduinoCore.a(main.o)
 .comment       0x00000030       0x31 C:\Users\Nacho\Dropbox\DESARR~1\SENSOR~1\Firmware\v4.0\TEST_M~1\TEST_M~1\ARDUIN~1\Debug\libArduinoCore.a(Print.o)
 .comment       0x00000030       0x31 C:\Users\Nacho\Dropbox\DESARR~1\SENSOR~1\Firmware\v4.0\TEST_M~1\TEST_M~1\ARDUIN~1\Debug\libArduinoCore.a(wiring.o)
 .comment       0x00000030       0x31 C:\Users\Nacho\Dropbox\DESARR~1\SENSOR~1\Firmware\v4.0\TEST_M~1\TEST_M~1\ARDUIN~1\Debug\libArduinoCore.a(WString.o)
 .comment       0x00000030       0x31 C:\Users\Nacho\Dropbox\DESARR~1\SENSOR~1\Firmware\v4.0\TEST_M~1\TEST_M~1\ARDUIN~1\Debug\libArduinoCore.a(SoftwareSerial.o)
 .comment       0x00000030       0x31 C:\Users\Nacho\Dropbox\DESARR~1\SENSOR~1\Firmware\v4.0\TEST_M~1\TEST_M~1\ARDUIN~1\Debug\libArduinoCore.a(hooks.o)
 .comment       0x00000030       0x31 C:\Users\Nacho\Dropbox\DESARR~1\SENSOR~1\Firmware\v4.0\TEST_M~1\TEST_M~1\ARDUIN~1\Debug\libArduinoCore.a(wiring_digital.o)
 .comment       0x00000030       0x31 c:/program files (x86)/atmel/studio/7.0/toolchain/avr8/avr8-gnu-toolchain/bin/../lib/gcc/avr/5.4.0/../../../../avr/lib/avr5\libc.a(malloc.o)
 .comment       0x00000030       0x31 c:/program files (x86)/atmel/studio/7.0/toolchain/avr8/avr8-gnu-toolchain/bin/../lib/gcc/avr/5.4.0/../../../../avr/lib/avr5\libc.a(realloc.o)

.note.gnu.avr.deviceinfo
                0x00000000       0x40
 .note.gnu.avr.deviceinfo
                0x00000000       0x40 C:/Program Files (x86)/Atmel/Studio/7.0/Packs/atmel/ATmega_DFP/1.2.150/gcc/dev/atmega328p/avr5/crtatmega328p.o

.note.gnu.build-id
 *(.note.gnu.build-id)

.debug
 *(.debug)

.line
 *(.line)

.debug_srcinfo
 *(.debug_srcinfo)

.debug_sfnames
 *(.debug_sfnames)

.debug_aranges  0x00000000      0x708
 *(.debug_aranges)
 .debug_aranges
                0x00000000       0xd8 GSM_MQTT.o
 .debug_aranges
                0x000000d8       0x50 Sketch.o
 .debug_aranges
                0x00000128       0x68 C:\Users\Nacho\Dropbox\DESARR~1\SENSOR~1\Firmware\v4.0\TEST_M~1\TEST_M~1\ARDUIN~1\Debug\libArduinoCore.a(HardwareSerial.o)
 .debug_aranges
                0x00000190       0x48 C:\Users\Nacho\Dropbox\DESARR~1\SENSOR~1\Firmware\v4.0\TEST_M~1\TEST_M~1\ARDUIN~1\Debug\libArduinoCore.a(HardwareSerial0.o)
 .debug_aranges
                0x000001d8       0x30 C:\Users\Nacho\Dropbox\DESARR~1\SENSOR~1\Firmware\v4.0\TEST_M~1\TEST_M~1\ARDUIN~1\Debug\libArduinoCore.a(main.o)
 .debug_aranges
                0x00000208      0x100 C:\Users\Nacho\Dropbox\DESARR~1\SENSOR~1\Firmware\v4.0\TEST_M~1\TEST_M~1\ARDUIN~1\Debug\libArduinoCore.a(Print.o)
 .debug_aranges
                0x00000308       0x48 C:\Users\Nacho\Dropbox\DESARR~1\SENSOR~1\Firmware\v4.0\TEST_M~1\TEST_M~1\ARDUIN~1\Debug\libArduinoCore.a(wiring.o)
 .debug_aranges
                0x00000350      0x2b8 C:\Users\Nacho\Dropbox\DESARR~1\SENSOR~1\Firmware\v4.0\TEST_M~1\TEST_M~1\ARDUIN~1\Debug\libArduinoCore.a(WString.o)
 .debug_aranges
                0x00000608       0xa8 C:\Users\Nacho\Dropbox\DESARR~1\SENSOR~1\Firmware\v4.0\TEST_M~1\TEST_M~1\ARDUIN~1\Debug\libArduinoCore.a(SoftwareSerial.o)
 .debug_aranges
                0x000006b0       0x20 C:\Users\Nacho\Dropbox\DESARR~1\SENSOR~1\Firmware\v4.0\TEST_M~1\TEST_M~1\ARDUIN~1\Debug\libArduinoCore.a(hooks.o)
 .debug_aranges
                0x000006d0       0x38 C:\Users\Nacho\Dropbox\DESARR~1\SENSOR~1\Firmware\v4.0\TEST_M~1\TEST_M~1\ARDUIN~1\Debug\libArduinoCore.a(wiring_digital.o)

.debug_pubnames
 *(.debug_pubnames)

.debug_info     0x00000000    0x13a56
 *(.debug_info .gnu.linkonce.wi.*)
 .debug_info    0x00000000      0x5f4 C:/Program Files (x86)/Atmel/Studio/7.0/Packs/atmel/ATmega_DFP/1.2.150/gcc/dev/atmega328p/avr5/crtatmega328p.o
 .debug_info    0x000005f4     0x3d7a GSM_MQTT.o
 .debug_info    0x0000436e     0x1cd9 Sketch.o
 .debug_info    0x00006047     0x1e92 C:\Users\Nacho\Dropbox\DESARR~1\SENSOR~1\Firmware\v4.0\TEST_M~1\TEST_M~1\ARDUIN~1\Debug\libArduinoCore.a(HardwareSerial.o)
 .debug_info    0x00007ed9     0x1b16 C:\Users\Nacho\Dropbox\DESARR~1\SENSOR~1\Firmware\v4.0\TEST_M~1\TEST_M~1\ARDUIN~1\Debug\libArduinoCore.a(HardwareSerial0.o)
 .debug_info    0x000099ef      0x237 C:\Users\Nacho\Dropbox\DESARR~1\SENSOR~1\Firmware\v4.0\TEST_M~1\TEST_M~1\ARDUIN~1\Debug\libArduinoCore.a(main.o)
 .debug_info    0x00009c26     0x28ff C:\Users\Nacho\Dropbox\DESARR~1\SENSOR~1\Firmware\v4.0\TEST_M~1\TEST_M~1\ARDUIN~1\Debug\libArduinoCore.a(Print.o)
 .debug_info    0x0000c525      0x2cb C:\Users\Nacho\Dropbox\DESARR~1\SENSOR~1\Firmware\v4.0\TEST_M~1\TEST_M~1\ARDUIN~1\Debug\libArduinoCore.a(wiring.o)
 .debug_info    0x0000c7f0     0x4338 C:\Users\Nacho\Dropbox\DESARR~1\SENSOR~1\Firmware\v4.0\TEST_M~1\TEST_M~1\ARDUIN~1\Debug\libArduinoCore.a(WString.o)
 .debug_info    0x00010b28     0x28f2 C:\Users\Nacho\Dropbox\DESARR~1\SENSOR~1\Firmware\v4.0\TEST_M~1\TEST_M~1\ARDUIN~1\Debug\libArduinoCore.a(SoftwareSerial.o)
 .debug_info    0x0001341a       0x3e C:\Users\Nacho\Dropbox\DESARR~1\SENSOR~1\Firmware\v4.0\TEST_M~1\TEST_M~1\ARDUIN~1\Debug\libArduinoCore.a(hooks.o)
 .debug_info    0x00013458      0x5fe C:\Users\Nacho\Dropbox\DESARR~1\SENSOR~1\Firmware\v4.0\TEST_M~1\TEST_M~1\ARDUIN~1\Debug\libArduinoCore.a(wiring_digital.o)

.debug_abbrev   0x00000000     0x29e5
 *(.debug_abbrev)
 .debug_abbrev  0x00000000      0x5a2 C:/Program Files (x86)/Atmel/Studio/7.0/Packs/atmel/ATmega_DFP/1.2.150/gcc/dev/atmega328p/avr5/crtatmega328p.o
 .debug_abbrev  0x000005a2      0x572 GSM_MQTT.o
 .debug_abbrev  0x00000b14      0x383 Sketch.o
 .debug_abbrev  0x00000e97      0x441 C:\Users\Nacho\Dropbox\DESARR~1\SENSOR~1\Firmware\v4.0\TEST_M~1\TEST_M~1\ARDUIN~1\Debug\libArduinoCore.a(HardwareSerial.o)
 .debug_abbrev  0x000012d8      0x3ce C:\Users\Nacho\Dropbox\DESARR~1\SENSOR~1\Firmware\v4.0\TEST_M~1\TEST_M~1\ARDUIN~1\Debug\libArduinoCore.a(HardwareSerial0.o)
 .debug_abbrev  0x000016a6      0x12d C:\Users\Nacho\Dropbox\DESARR~1\SENSOR~1\Firmware\v4.0\TEST_M~1\TEST_M~1\ARDUIN~1\Debug\libArduinoCore.a(main.o)
 .debug_abbrev  0x000017d3      0x47a C:\Users\Nacho\Dropbox\DESARR~1\SENSOR~1\Firmware\v4.0\TEST_M~1\TEST_M~1\ARDUIN~1\Debug\libArduinoCore.a(Print.o)
 .debug_abbrev  0x00001c4d      0x146 C:\Users\Nacho\Dropbox\DESARR~1\SENSOR~1\Firmware\v4.0\TEST_M~1\TEST_M~1\ARDUIN~1\Debug\libArduinoCore.a(wiring.o)
 .debug_abbrev  0x00001d93      0x4c2 C:\Users\Nacho\Dropbox\DESARR~1\SENSOR~1\Firmware\v4.0\TEST_M~1\TEST_M~1\ARDUIN~1\Debug\libArduinoCore.a(WString.o)
 .debug_abbrev  0x00002255      0x60b C:\Users\Nacho\Dropbox\DESARR~1\SENSOR~1\Firmware\v4.0\TEST_M~1\TEST_M~1\ARDUIN~1\Debug\libArduinoCore.a(SoftwareSerial.o)
 .debug_abbrev  0x00002860       0x2a C:\Users\Nacho\Dropbox\DESARR~1\SENSOR~1\Firmware\v4.0\TEST_M~1\TEST_M~1\ARDUIN~1\Debug\libArduinoCore.a(hooks.o)
 .debug_abbrev  0x0000288a      0x15b C:\Users\Nacho\Dropbox\DESARR~1\SENSOR~1\Firmware\v4.0\TEST_M~1\TEST_M~1\ARDUIN~1\Debug\libArduinoCore.a(wiring_digital.o)

.debug_line     0x00000000     0x43cf
 *(.debug_line .debug_line.* .debug_line_end)
 .debug_line    0x00000000      0x133 C:/Program Files (x86)/Atmel/Studio/7.0/Packs/atmel/ATmega_DFP/1.2.150/gcc/dev/atmega328p/avr5/crtatmega328p.o
 .debug_line    0x00000133      0xff6 GSM_MQTT.o
 .debug_line    0x00001129      0x332 Sketch.o
 .debug_line    0x0000145b      0x42d C:\Users\Nacho\Dropbox\DESARR~1\SENSOR~1\Firmware\v4.0\TEST_M~1\TEST_M~1\ARDUIN~1\Debug\libArduinoCore.a(HardwareSerial.o)
 .debug_line    0x00001888      0x2a1 C:\Users\Nacho\Dropbox\DESARR~1\SENSOR~1\Firmware\v4.0\TEST_M~1\TEST_M~1\ARDUIN~1\Debug\libArduinoCore.a(HardwareSerial0.o)
 .debug_line    0x00001b29      0x17a C:\Users\Nacho\Dropbox\DESARR~1\SENSOR~1\Firmware\v4.0\TEST_M~1\TEST_M~1\ARDUIN~1\Debug\libArduinoCore.a(main.o)
 .debug_line    0x00001ca3      0x69a C:\Users\Nacho\Dropbox\DESARR~1\SENSOR~1\Firmware\v4.0\TEST_M~1\TEST_M~1\ARDUIN~1\Debug\libArduinoCore.a(Print.o)
 .debug_line    0x0000233d      0x2af C:\Users\Nacho\Dropbox\DESARR~1\SENSOR~1\Firmware\v4.0\TEST_M~1\TEST_M~1\ARDUIN~1\Debug\libArduinoCore.a(wiring.o)
 .debug_line    0x000025ec     0x1355 C:\Users\Nacho\Dropbox\DESARR~1\SENSOR~1\Firmware\v4.0\TEST_M~1\TEST_M~1\ARDUIN~1\Debug\libArduinoCore.a(WString.o)
 .debug_line    0x00003941      0x7e6 C:\Users\Nacho\Dropbox\DESARR~1\SENSOR~1\Firmware\v4.0\TEST_M~1\TEST_M~1\ARDUIN~1\Debug\libArduinoCore.a(SoftwareSerial.o)
 .debug_line    0x00004127       0x41 C:\Users\Nacho\Dropbox\DESARR~1\SENSOR~1\Firmware\v4.0\TEST_M~1\TEST_M~1\ARDUIN~1\Debug\libArduinoCore.a(hooks.o)
 .debug_line    0x00004168      0x267 C:\Users\Nacho\Dropbox\DESARR~1\SENSOR~1\Firmware\v4.0\TEST_M~1\TEST_M~1\ARDUIN~1\Debug\libArduinoCore.a(wiring_digital.o)

.debug_frame    0x00000000     0x191c
 *(.debug_frame)
 .debug_frame   0x00000000      0x470 GSM_MQTT.o
 .debug_frame   0x00000470      0x124 Sketch.o
 .debug_frame   0x00000594      0x110 C:\Users\Nacho\Dropbox\DESARR~1\SENSOR~1\Firmware\v4.0\TEST_M~1\TEST_M~1\ARDUIN~1\Debug\libArduinoCore.a(HardwareSerial.o)
 .debug_frame   0x000006a4       0xe0 C:\Users\Nacho\Dropbox\DESARR~1\SENSOR~1\Firmware\v4.0\TEST_M~1\TEST_M~1\ARDUIN~1\Debug\libArduinoCore.a(HardwareSerial0.o)
 .debug_frame   0x00000784       0x54 C:\Users\Nacho\Dropbox\DESARR~1\SENSOR~1\Firmware\v4.0\TEST_M~1\TEST_M~1\ARDUIN~1\Debug\libArduinoCore.a(main.o)
 .debug_frame   0x000007d8      0x3ac C:\Users\Nacho\Dropbox\DESARR~1\SENSOR~1\Firmware\v4.0\TEST_M~1\TEST_M~1\ARDUIN~1\Debug\libArduinoCore.a(Print.o)
 .debug_frame   0x00000b84       0xc4 C:\Users\Nacho\Dropbox\DESARR~1\SENSOR~1\Firmware\v4.0\TEST_M~1\TEST_M~1\ARDUIN~1\Debug\libArduinoCore.a(wiring.o)
 .debug_frame   0x00000c48      0xa60 C:\Users\Nacho\Dropbox\DESARR~1\SENSOR~1\Firmware\v4.0\TEST_M~1\TEST_M~1\ARDUIN~1\Debug\libArduinoCore.a(WString.o)
 .debug_frame   0x000016a8      0x1d4 C:\Users\Nacho\Dropbox\DESARR~1\SENSOR~1\Firmware\v4.0\TEST_M~1\TEST_M~1\ARDUIN~1\Debug\libArduinoCore.a(SoftwareSerial.o)
 .debug_frame   0x0000187c       0x24 C:\Users\Nacho\Dropbox\DESARR~1\SENSOR~1\Firmware\v4.0\TEST_M~1\TEST_M~1\ARDUIN~1\Debug\libArduinoCore.a(hooks.o)
 .debug_frame   0x000018a0       0x7c C:\Users\Nacho\Dropbox\DESARR~1\SENSOR~1\Firmware\v4.0\TEST_M~1\TEST_M~1\ARDUIN~1\Debug\libArduinoCore.a(wiring_digital.o)

.debug_str      0x00000000     0x30e2
 *(.debug_str)
 .debug_str     0x00000000      0x208 C:/Program Files (x86)/Atmel/Studio/7.0/Packs/atmel/ATmega_DFP/1.2.150/gcc/dev/atmega328p/avr5/crtatmega328p.o
 .debug_str     0x00000208     0x16cd GSM_MQTT.o
                               0x1823 (size before relaxing)
 .debug_str     0x000018d5       0x91 Sketch.o
                               0x141d (size before relaxing)
 .debug_str     0x00001966      0x7a1 C:\Users\Nacho\Dropbox\DESARR~1\SENSOR~1\Firmware\v4.0\TEST_M~1\TEST_M~1\ARDUIN~1\Debug\libArduinoCore.a(HardwareSerial.o)
                               0x1607 (size before relaxing)
 .debug_str     0x00002107       0x86 C:\Users\Nacho\Dropbox\DESARR~1\SENSOR~1\Firmware\v4.0\TEST_M~1\TEST_M~1\ARDUIN~1\Debug\libArduinoCore.a(HardwareSerial0.o)
                               0x1423 (size before relaxing)
 .debug_str     0x0000218d       0x37 C:\Users\Nacho\Dropbox\DESARR~1\SENSOR~1\Firmware\v4.0\TEST_M~1\TEST_M~1\ARDUIN~1\Debug\libArduinoCore.a(main.o)
                                0x2cf (size before relaxing)
 .debug_str     0x000021c4      0x338 C:\Users\Nacho\Dropbox\DESARR~1\SENSOR~1\Firmware\v4.0\TEST_M~1\TEST_M~1\ARDUIN~1\Debug\libArduinoCore.a(Print.o)
                               0x125d (size before relaxing)
 .debug_str     0x000024fc      0x153 C:\Users\Nacho\Dropbox\DESARR~1\SENSOR~1\Firmware\v4.0\TEST_M~1\TEST_M~1\ARDUIN~1\Debug\libArduinoCore.a(wiring.o)
                                0x265 (size before relaxing)
 .debug_str     0x0000264f      0x3ed C:\Users\Nacho\Dropbox\DESARR~1\SENSOR~1\Firmware\v4.0\TEST_M~1\TEST_M~1\ARDUIN~1\Debug\libArduinoCore.a(WString.o)
                               0x11b0 (size before relaxing)
 .debug_str     0x00002a3c      0x621 C:\Users\Nacho\Dropbox\DESARR~1\SENSOR~1\Firmware\v4.0\TEST_M~1\TEST_M~1\ARDUIN~1\Debug\libArduinoCore.a(SoftwareSerial.o)
                               0x1946 (size before relaxing)
 .debug_str     0x0000305d       0x1c C:\Users\Nacho\Dropbox\DESARR~1\SENSOR~1\Firmware\v4.0\TEST_M~1\TEST_M~1\ARDUIN~1\Debug\libArduinoCore.a(hooks.o)
                                0x15a (size before relaxing)
 .debug_str     0x00003079       0x69 C:\Users\Nacho\Dropbox\DESARR~1\SENSOR~1\Firmware\v4.0\TEST_M~1\TEST_M~1\ARDUIN~1\Debug\libArduinoCore.a(wiring_digital.o)
                                0x2ca (size before relaxing)

.debug_loc      0x00000000     0xa1b3
 *(.debug_loc)
 .debug_loc     0x00000000     0x24e6 GSM_MQTT.o
 .debug_loc     0x000024e6      0x35b Sketch.o
 .debug_loc     0x00002841      0x3ef C:\Users\Nacho\Dropbox\DESARR~1\SENSOR~1\Firmware\v4.0\TEST_M~1\TEST_M~1\ARDUIN~1\Debug\libArduinoCore.a(HardwareSerial.o)
 .debug_loc     0x00002c30      0x1b0 C:\Users\Nacho\Dropbox\DESARR~1\SENSOR~1\Firmware\v4.0\TEST_M~1\TEST_M~1\ARDUIN~1\Debug\libArduinoCore.a(HardwareSerial0.o)
 .debug_loc     0x00002de0     0x1c87 C:\Users\Nacho\Dropbox\DESARR~1\SENSOR~1\Firmware\v4.0\TEST_M~1\TEST_M~1\ARDUIN~1\Debug\libArduinoCore.a(Print.o)
 .debug_loc     0x00004a67      0x28d C:\Users\Nacho\Dropbox\DESARR~1\SENSOR~1\Firmware\v4.0\TEST_M~1\TEST_M~1\ARDUIN~1\Debug\libArduinoCore.a(wiring.o)
 .debug_loc     0x00004cf4     0x422d C:\Users\Nacho\Dropbox\DESARR~1\SENSOR~1\Firmware\v4.0\TEST_M~1\TEST_M~1\ARDUIN~1\Debug\libArduinoCore.a(WString.o)
 .debug_loc     0x00008f21      0xc96 C:\Users\Nacho\Dropbox\DESARR~1\SENSOR~1\Firmware\v4.0\TEST_M~1\TEST_M~1\ARDUIN~1\Debug\libArduinoCore.a(SoftwareSerial.o)
 .debug_loc     0x00009bb7      0x5fc C:\Users\Nacho\Dropbox\DESARR~1\SENSOR~1\Firmware\v4.0\TEST_M~1\TEST_M~1\ARDUIN~1\Debug\libArduinoCore.a(wiring_digital.o)

.debug_macinfo
 *(.debug_macinfo)

.debug_weaknames
 *(.debug_weaknames)

.debug_funcnames
 *(.debug_funcnames)

.debug_typenames
 *(.debug_typenames)

.debug_varnames
 *(.debug_varnames)

.debug_pubtypes
 *(.debug_pubtypes)

.debug_ranges   0x00000000      0x7c8
 *(.debug_ranges)
 .debug_ranges  0x00000000      0x170 GSM_MQTT.o
 .debug_ranges  0x00000170       0x40 Sketch.o
 .debug_ranges  0x000001b0       0x58 C:\Users\Nacho\Dropbox\DESARR~1\SENSOR~1\Firmware\v4.0\TEST_M~1\TEST_M~1\ARDUIN~1\Debug\libArduinoCore.a(HardwareSerial.o)
 .debug_ranges  0x00000208       0x38 C:\Users\Nacho\Dropbox\DESARR~1\SENSOR~1\Firmware\v4.0\TEST_M~1\TEST_M~1\ARDUIN~1\Debug\libArduinoCore.a(HardwareSerial0.o)
 .debug_ranges  0x00000240       0x20 C:\Users\Nacho\Dropbox\DESARR~1\SENSOR~1\Firmware\v4.0\TEST_M~1\TEST_M~1\ARDUIN~1\Debug\libArduinoCore.a(main.o)
 .debug_ranges  0x00000260      0x120 C:\Users\Nacho\Dropbox\DESARR~1\SENSOR~1\Firmware\v4.0\TEST_M~1\TEST_M~1\ARDUIN~1\Debug\libArduinoCore.a(Print.o)
 .debug_ranges  0x00000380       0x38 C:\Users\Nacho\Dropbox\DESARR~1\SENSOR~1\Firmware\v4.0\TEST_M~1\TEST_M~1\ARDUIN~1\Debug\libArduinoCore.a(wiring.o)
 .debug_ranges  0x000003b8      0x2f8 C:\Users\Nacho\Dropbox\DESARR~1\SENSOR~1\Firmware\v4.0\TEST_M~1\TEST_M~1\ARDUIN~1\Debug\libArduinoCore.a(WString.o)
 .debug_ranges  0x000006b0       0xe0 C:\Users\Nacho\Dropbox\DESARR~1\SENSOR~1\Firmware\v4.0\TEST_M~1\TEST_M~1\ARDUIN~1\Debug\libArduinoCore.a(SoftwareSerial.o)
 .debug_ranges  0x00000790       0x10 C:\Users\Nacho\Dropbox\DESARR~1\SENSOR~1\Firmware\v4.0\TEST_M~1\TEST_M~1\ARDUIN~1\Debug\libArduinoCore.a(hooks.o)
 .debug_ranges  0x000007a0       0x28 C:\Users\Nacho\Dropbox\DESARR~1\SENSOR~1\Firmware\v4.0\TEST_M~1\TEST_M~1\ARDUIN~1\Debug\libArduinoCore.a(wiring_digital.o)

.debug_macro
 *(.debug_macro)
OUTPUT(GSM_MQTT_Arduino_Subscribe_Publish.elf elf32-avr)
LOAD linker stubs
